  -> Running build hook: [kms]
  -> Running build hook: [keyboard]
  -> Running build hook: [keymap]
  -> Running build hook: [consolefont]
  -> Running build hook: [block]
  -> Running build hook: [filesystems]
  -> Running build hook: [fsck]
==> Generating module dependencies
==> Creating zstd-compressed initcpio image: '/boot/initramfs-linux-lts.img'
  -> Early uncompressed CPIO image generation successful
==> Initcpio image generation successful
( 7/14) Updating the appstream cache...
✔ Metadata cache was updated successfully.
( 8/14) Reloading system bus configuration...
( 9/14) Updating fontconfig cache...
(10/14) Probing GDK-Pixbuf loader modules...
(11/14) Updating icon theme caches...
(12/14) Updating the info directory file...
(13/14) Updating the desktop file MIME type cache...
(14/14) Updating the vlc plugin cache...
